// Jest Snapshot v1, https://goo.gl/fbAQLP

exports[`AppRouter should match with snapshot 1`] = `
<Provider
  store={
    Object {
      "clearActions": [Function],
      "dispatch": [Function],
      "getActions": [Function],
      "getState": [Function],
      "replaceReducer": [Function],
      "subscribe": [Function],
    }
  }
>
  <Connect(AppRouter)>
    <AppRouter
      checking={true}
      renewToken={[Function]}
      uid={null}
    >
      <h5>
        Waiting...
      </h5>
    </AppRouter>
  </Connect(AppRouter)>
</Provider>
`;
